Added Component: Designator=H1(XH2.54M-8)
Add component (AddParameter): Name = "Chung_Loai"; Value = "C?m"; VariantName = "[No Variations]"
Add component (AddParameter): Name = "Don_Vi"; Value = "Con"; VariantName = "[No Variations]"
Add component (AddParameter): Name = "Ghi_Chu"; Value = ""; VariantName = "[No Variations]"
Add component (AddParameter): Name = "Kieu_Chan"; Value = ""; VariantName = "[No Variations]"
Add component (AddParameter): Name = "Ma_Hang"; Value = "MH003366"; VariantName = "[No Variations]"
Add component (AddParameter): Name = "Ten_Linh_Kien"; Value = "Header 8P XH2.54-8P Ð?c Th?ng"; VariantName = "[No Variations]"
Added Component: Designator=H2(Header 2P DC 2.54)
Add component (AddParameter): Name = "Chung_Loai"; Value = "C?m"; VariantName = "[No Variations]"
Add component (AddParameter): Name = "Don_Vi"; Value = "Con"; VariantName = "[No Variations]"
Add component (AddParameter): Name = "Ghi_Chu"; Value = ""; VariantName = "[No Variations]"
Add component (AddParameter): Name = "Kieu_Chan"; Value = ""; VariantName = "[No Variations]"
Add component (AddParameter): Name = "Ma_Hang"; Value = "MH002852"; VariantName = "[No Variations]"
Add component (AddParameter): Name = "Ten_Linh_Kien"; Value = "Header 2P XH2.54-2P Ð?c Cong"; VariantName = "[No Variations]"
Added Component: Designator=JACK DC1(JACK DC 5.5)
Add component (AddParameter): Name = "Value"; Value = "Jac DC"; VariantName = "[No Variations]"
Added Component: Designator=LM1(lm2596)
Added Component: Designator=Q1(QTO-220H3)
Added Component: Designator=R1(R1/4W)
Add component (AddParameter): Name = "Value"; Value = "R1/4W - 1K"; VariantName = "[No Variations]"
Added Component: Designator=R2(R1/4W)
Add component (AddParameter): Name = "Value"; Value = "R1/4W - 1K"; VariantName = "[No Variations]"
Added Component: Designator=STM1(STM32F103 KIT)
Added Component: Designator=U1(ESP32-S3-CAM)
Added Pin To Net: NetName=1 Pin=H2-2
Added Pin To Net: NetName=1 Pin=Q1-2
Added Pin To Net: NetName=1 Pin=Q1-2
Added Net: Name=1
Added Pin To Net: NetName=3V3 Pin=H1-1
Added Pin To Net: NetName=3V3 Pin=STM1-20
Added Pin To Net: NetName=3V3 Pin=U1-1
Added Net: Name=3V3
Added Pin To Net: NetName=5V Pin=H2-1
Added Pin To Net: NetName=5V Pin=LM1-4
Added Pin To Net: NetName=5V Pin=STM1-18
Added Pin To Net: NetName=5V Pin=U1-20
Added Net: Name=5V
Added Pin To Net: NetName=9 Pin=STM1-6
Added Pin To Net: NetName=9 Pin=U1-39
Added Net: Name=9
Added Pin To Net: NetName=10 Pin=STM1-7
Added Pin To Net: NetName=10 Pin=U1-40
Added Net: Name=10
Added Pin To Net: NetName=12V Pin=JACK DC1-2
Added Pin To Net: NetName=12V Pin=LM1-1
Added Net: Name=12V
Added Pin To Net: NetName=FET Pin=R1-1
Added Pin To Net: NetName=FET Pin=U1-38
Added Net: Name=FET
Added Pin To Net: NetName=GND Pin=H1-3
Added Pin To Net: NetName=GND Pin=JACK DC1-1
Added Pin To Net: NetName=GND Pin=LM1-2
Added Pin To Net: NetName=GND Pin=LM1-3
Added Pin To Net: NetName=GND Pin=Q1-3
Added Pin To Net: NetName=GND Pin=R2-1
Added Pin To Net: NetName=GND Pin=STM1-19
Added Pin To Net: NetName=GND Pin=U1-21
Added Net: Name=GND
Added Pin To Net: NetName=MISO Pin=H1-5
Added Pin To Net: NetName=MISO Pin=STM1-31
Added Net: Name=MISO
Added Pin To Net: NetName=MOSI Pin=H1-6
Added Pin To Net: NetName=MOSI Pin=STM1-32
Added Net: Name=MOSI
Added Pin To Net: NetName=NetQ1_1 Pin=Q1-1
Added Pin To Net: NetName=NetQ1_1 Pin=R1-2
Added Pin To Net: NetName=NetQ1_1 Pin=R2-2
Added Net: Name=NetQ1_1
Added Pin To Net: NetName=RST Pin=H1-2
Added Pin To Net: NetName=RST Pin=STM1-33
Added Net: Name=RST
Added Pin To Net: NetName=SCK Pin=H1-7
Added Pin To Net: NetName=SCK Pin=STM1-30
Added Net: Name=SCK
Added Pin To Net: NetName=SDA Pin=H1-8
Added Pin To Net: NetName=SDA Pin=STM1-29
Added Net: Name=SDA
Added Class: Name=Sheet1
Added Rule: Name=Schematic Supply Nets
